fix Add
Run 20261005T090000-a1b2c3 · Fast mode · HEAD 84ca1bd (main) + 1 untracked

✓ preflight  ok · 0.4s
✓ implement  fake · Exit done · Candidate 6d1231d · 1 file changed · 5.7s
✓ check      go test -json ./... · 1 ran · 0 failed · pass · 1.2s

ACCEPTED   Candidate 6d1231d · Oracle v0 · 7.3s
Not covered an independent verifier and held-out tests (Fast mode) · Checks run Candidate code uncontained: no isolation against deliberately hostile code running with your privileges
Nothing was written to your repository.
