fix Add
Run 20261005T090000-a1b2c3 · Standard mode · HEAD 84ca1bd (main)

✓ preflight  ok · 0.4s
✓ implement  claude · Exit done · Candidate 6d1231d · 1 file changed · 5.7s
✓ QA         Fresh Claude · Exit extended · +1 held-out · 2.9s
✓ check      go test -json ./... · 1 ran · 0 failed · pass · 1.2s

  Ambiguous-file Gate · inspect
  ── docs/debug.md · 2 lines
    # debug
    ]0;pwnednotes
  ── end of docs/debug.md

ATTENTION NEEDED: 3 new files need a decision
  esc or Enter returns to the Gate · this decides nothing

ctrl+c to cancel
