fix Add
Run 20261005T090000-a1b2c3 · Fast mode · HEAD 84ca1bd (main) + 1 untracked

✓ preflight  ok · 0.4s
✓ implement  fake · Exit done · Candidate 6d1231d · 1 file changed · 5.7s
✗ check      go test -json ./... · 1 ran · 1 failed: TestAdd · fail (exit 1) · 1.2s
↻ send back  1 of 3 · the Candidate goes back to the implementer with the failure output
⠸ implement  fake · 0.2s
  ⎿ fixing Add for real
· check      go test -json ./...

ctrl+c to cancel
